mode: count
/Users/bytedance/go/src/awesomeProject/test/palindrome.go:7.34,9.22 2 1000
/Users/bytedance/go/src/awesomeProject/test/palindrome.go:14.2,14.25 1 1000
/Users/bytedance/go/src/awesomeProject/test/palindrome.go:19.2,19.13 1 1000
/Users/bytedance/go/src/awesomeProject/test/palindrome.go:9.22,10.26 1 12062
/Users/bytedance/go/src/awesomeProject/test/palindrome.go:10.26,12.4 1 6625
/Users/bytedance/go/src/awesomeProject/test/palindrome.go:14.25,15.46 1 6625
/Users/bytedance/go/src/awesomeProject/test/palindrome.go:15.46,17.4 1 0
